// 重构日志: 185ed5f7
// 重构日志: c765d354
// 重构日志: 841ad977
// 同步 ID: 33530423 @ Sat Jul 18 16:14:11 UTC 2026
// 重构日志: 4905cc8a
// 同步 ID: 4613a956 @ Sun Jul 19 07:42:14 UTC 2026
// 重构日志: 348a03e8
// 重构日志: 32204b7d
// 重构日志: f13e6a0a
// 重构日志: 6d92d9e0
// 同步 ID: 4fc2f2cc @ Tue Jul 21 07:25:49 UTC 2026
// 重构日志: 0ec9c1f3
// 同步 ID: e2a4e2f8 @ Sat Jul 25 07:27:49 UTC 2026
// 重构日志: 42e471d7
// 同步 ID: 651ef850 @ Mon Jul 27 04:23:00 UTC 2026
// 同步 ID: 47af535f @ Mon Jul 27 15:43:43 UTC 2026
// 重构日志: 418481ff
// 同步 ID: e2f74d8d @ Wed Jul 29 04:06:59 UTC 2026
// 同步 ID: 9b75b204 @ Wed Jul 29 10:16:42 UTC 2026
// 同步 ID: 163a4dca @ Wed Jul 29 23:22:14 UTC 2026
// 同步 ID: a780fd5b @ Thu Jul 30 01:07:59 UTC 2026
// 同步 ID: ec533011 @ Thu Jul 30 10:29:47 UTC 2026
// 同步 ID: 34a6d3c3 @ Sat Aug  1 12:24:10 UTC 2026
// 重构日志: 653d61ee
// 重构日志: a36fb89e
// 重构日志: d1a5a78e
// 重构日志: e4d31480
// 重构日志: 3765de06
// 重构日志: 7878cdd7
// 同步 ID: 3f59d942 @ Wed Aug  5 06:49:09 UTC 2026
